[dyno.gg/index.html]
[backblue.gif]
[fade.gif]
[index.html]
[dyno.gg/images/v3/dyno-25608bb.jpg]
[dyno.gg/images/v3/favicon.png]
[pro.fontawesome.com/releases/v5.1.0/css/all.css]
[dyno.gg/css/app.f8c4366.css]
[dyno.gg/css/serverlist.cb308ea.css]
[www.googletagservices.com/tag/js/gpt.js]
[dyno.gg/js/react/homepage.c829bf2.js]
[dyno.gg/bot.html]
[s.dyno.gg/web-assets/landing/product-mockup.png]
[s.dyno.gg/web-assets/footer/logo@2x.png]
[s.dyno.gg/web-assets/footer/discord.png]
[s.dyno.gg/web-assets/footer/twitter.png]
[dyno.gg/cdn-cgi/l/email-protection.html]
[s.dyno.gg/web-assets/footer/mail.png]
[dyno.gg/servers.html]
[dyno.gg/commands.html]
[dyno.gg/faq.html]
[dyno.gg/upgrade.html]
[dyno.gg/discord.html]
[dyno.gg/terms.html]
[dyno.gg/privacy.html]
[dyno.gg/cdn-cgi/scripts/5c5dd728/cloudflare-static/email-decode.min.js]
[dyno.gg/js/vendor/jquery.js]
[dyno.gg/js/vendor/base64.min.js]
[dyno.gg/js/react/navbar.7bed806.js]
[dyno.gg/index.html]
[pro.fontawesome.com/releases/v5.1.0/css/all.css]
[dyno.gg/js/app.58108ac.js]
[www.paypalobjects.com/webstatic/en_US/i/buttons/PP_logo_h_100x26.png]
[dyno.gg/css/app.f8c4366.css]
[dyno.gg/css/serverlist.cb308ea.css]
[www.googletagmanager.com/gtm5445.html]
[s.dyno.gg/web-assets/landing/logo.png]
[dyno.gg/auth.html]
[s.dyno.gg/web-assets/landing/card1.png]
[s.dyno.gg/web-assets/landing/card2.png]
[s.dyno.gg/web-assets/landing/card3.png]
[s.dyno.gg/web-assets/landing/card4.png]
[dyno.gg/bot.html]
[dyno.gg/cdn-cgi/l/email-protection.html]
[cdnjs.cloudflare.com/ajax/libs/hint.css/2.5.0/hint.min.css]
[dyno.gg/servers.html]
[dyno.gg/js/react/serverListing.ee3d2dc.js]
[dyno.gg/commands.html]
[dyno.gg/css/pages/commands.79eba49.css]
[dyno.gg/css/faq.0ef4940.css]
[dyno.gg/images/faq/embedded.png]
[dyno.gg/images/faq/neutral.png]
[dyno.gg/images/faq/redtick.png]
[dyno.gg/images/faq/purge.png]
[dyno.gg/images/faq/devMode.png]
[dyno.gg/images/faq/mod-only.png]
[dyno.gg/images/faq/hierarchy1.png]
[dyno.gg/images/faq/hierarchy2.png]
[dyno.gg/faq.html]
[dyno.gg/css/pages/upgrade.9f3334b.css]
[dyno.gg/upgrade.html]
[dyno.gg/discord.html]
[dyno.gg/js/react/account.1633eaf.js]
[dyno.gg/terms.html]
[dyno.gg/privacy.html]
[dyno.gg/auth.html]
[cdnjs.cloudflare.com/ajax/libs/hint.css/2.5.0/hint.min.css]
[dyno.gg/css/pages/commands.79eba49.css]
[dyno.gg/css/faq.0ef4940.css]
[dyno.gg/css/pages/upgrade.9f3334b.css]
[dyno.gg/css/legal.81094ea.css]
[dyno.gg/css/legal.81094ea.css]
